2022-07-20 15:48:28 [LOGGER3] INFO [RECORD] { logger3....... }
